
> hucems-frontend@1.0.0 dev
> vite --host 127.0.0.1


  [32m[1mVITE[22m v6.4.3[39m  [2mready in [0m[1m470[22m[2m[0m ms[22m

  [32m➜[39m  [1mLocal[22m:   [36mhttp://127.0.0.1:[1m5173[22m/[39m
[2m[32m  ➜[39m[22m[2m  press [22m[1mh + enter[22m[2m to show help[22m
[2m15:29:23[22m [36m[1m[vite][22m[39m [90m[2m(client)[22m[39m [32mhmr update [39m[2m/src/pages/lecturer/LecturerDashboard.jsx, /src/index.css[22m
[2m15:29:53[22m [36m[1m[vite][22m[39m [90m[2m(client)[22m[39m [32mhmr update [39m[2m/src/pages/admin/AdminDashboard.jsx, /src/index.css[22m
[2m15:30:19[22m [36m[1m[vite][22m[39m [90m[2m(client)[22m[39m [32mhmr update [39m[2m/src/pages/admin/AdminAssignmentsPage.jsx, /src/index.css[22m
[2m15:30:32[22m [36m[1m[vite][22m[39m [90m[2m(client)[22m[39m [32mhmr update [39m[2m/src/pages/admin/AdminAssignmentsPage.jsx, /src/index.css[22m
[2m15:33:44[22m [36m[1m[vite][22m[39m [90m[2m(client)[22m[39m [32mhmr update [39m[2m/src/pages/admin/AdminDashboard.jsx, /src/index.css[22m
[2m15:46:48[22m [36m[1m[vite][22m[39m [90m[2m(client)[22m[39m [32mhmr update [39m[2m/src/layouts/AppLayout.jsx, /src/index.css[22m
[2m15:46:51[22m [36m[1m[vite][22m[39m [90m[2m(client)[22m[39m [32mhmr update [39m[2m/src/App.jsx, /src/index.css[22m
[2m15:51:55[22m [36m[1m[vite][22m[39m [90m[2m(client)[22m[39m [32mhmr update [39m[2m/src/index.css, /src/App.jsx[22m
[2m21:45:19[22m [36m[1m[vite][22m[39m [90m[2m(client)[22m[39m [32mhmr update [39m[2m/src/pages/student/ProfilePage.jsx, /src/index.css[22m
[2m21:45:22[22m [36m[1m[vite][22m[39m [90m[2m(client)[22m[39m [32mhmr update [39m[2m/src/pages/student/ProfilePage.jsx[22m
[2m21:45:34[22m [36m[1m[vite][22m[39m [90m[2m(client)[22m[39m [32mhmr update [39m[2m/src/layouts/AppLayout.jsx, /src/index.css[22m
[2m21:45:38[22m [36m[1m[vite][22m[39m [90m[2m(client)[22m[39m [32mhmr update [39m[2m/src/App.jsx, /src/index.css[22m
[2m21:47:26[22m [36m[1m[vite][22m[39m [90m[2m(client)[22m[39m [32mhmr update [39m[2m/src/pages/student/ProfilePage.jsx, /src/index.css[22m
[2m12:59:06[22m [36m[1m[vite][22m[39m [90m[2m(client)[22m[39m [32mhmr update [39m[2m/src/components/PageHeader.jsx, /src/index.css[22m
[2m12:59:08[22m [36m[1m[vite][22m[39m [90m[2m(client)[22m[39m [32mhmr update [39m[2m/src/layouts/AppLayout.jsx, /src/index.css[22m
[2m12:59:10[22m [36m[1m[vite][22m[39m [90m[2m(client)[22m[39m [32mhmr update [39m[2m/src/pages/student/ProfilePage.jsx, /src/index.css[22m
[2m12:59:22[22m [36m[1m[vite][22m[39m [90m[2m(client)[22m[39m [32mhmr update [39m[2m/src/index.css[22m
[2m18:22:24[22m [36m[1m[vite][22m[39m [90m[2m(client)[22m[39m [32mhmr update [39m[2m/src/pages/auth/LoginPage.jsx, /src/index.css[22m
[2m18:22:27[22m [36m[1m[vite][22m[39m [90m[2m(client)[22m[39m [32mhmr update [39m[2m/src/pages/student/EvaluationFormPage.jsx, /src/index.css[22m
[2m18:22:43[22m [36m[1m[vite][22m[39m [90m[2m(client)[22m[39m [32mhmr update [39m[2m/src/pages/student/EvaluationFormPage.jsx, /src/index.css[22m
[2m18:39:02[22m [36m[1m[vite][22m[39m [90m[2m(client)[22m[39m [32mhmr update [39m[2m/src/context/AuthContext.jsx, /src/index.css, /src/pages/admin/AdminDashboard.jsx, /src/components/ResourcePage.jsx, /src/pages/admin/AdminStudentsPage.jsx, /src/pages/admin/AdminAssignmentsPage.jsx, /src/pages/admin/EvaluationsPage.jsx, /src/pages/admin/ReportsPage.jsx, /src/pages/admin/AnalyticsPage.jsx, /src/pages/admin/ImportPage.jsx, /src/pages/student/StudentDashboard.jsx, /src/pages/student/EvaluationFormPage.jsx, /src/pages/student/MyCoursesPage.jsx, /src/pages/student/SubmittedEvaluationsPage.jsx, /src/pages/lecturer/LecturerDashboard.jsx, /src/pages/lecturer/LecturerSummaryPage.jsx, /src/pages/lecturer/LecturerReportsPage.jsx, /src/pages/lecturer/ClassEvaluationPage.jsx, /src/pages/admin/ClassEvaluationsPage.jsx, /src/pages/student/ProfilePage.jsx[22m
[2m18:39:02[22m [36m[1m[vite][22m[39m [90m[2m(client)[22m[39m [33mhmr invalidate [39m[2m/src/context/AuthContext.jsx[22m Could not Fast Refresh ("roleHome" export is incompatible). Learn more at https://github.com/vitejs/vite-plugin-react/tree/main/packages/plugin-react#consistent-components-exports
[2m18:39:02[22m [36m[1m[vite][22m[39m [90m[2m(client)[22m[39m [32mhmr update [39m[2m/src/App.jsx, /src/index.css, /src/components/ProtectedRoute.jsx, /src/layouts/AppLayout.jsx, /src/pages/auth/LoginPage.jsx, /src/pages/student/StudentDashboard.jsx, /src/pages/student/EvaluationFormPage.jsx, /src/pages/lecturer/LecturerDashboard.jsx, /src/pages/student/ProfilePage.jsx[22m
